// Jest Snapshot v1, https://goo.gl/fbAQLP

exports[`Test on <AppRouter /> should display properly 1`] = `
Array [
  <nav
    className="navbar navbar-expand-sm navbar-dark bg-dark"
  >
    <div
      className="container-fluid"
    >
      <a
        className="navbar-brand"
        href="/"
        onClick={[Function]}
      >
        Hooks Context App
      </a>
      <button
        aria-controls="navbarNavAltMarkup"
        aria-expanded="false"
        aria-label="Toggle navigation"
        className="navbar-toggler"
        data-bs-target="#navbarNavAltMarkup"
        data-bs-toggle="collapse"
        type="button"
      >
        <span
          className="navbar-toggler-icon"
        />
      </button>
      <div
        className="collapse navbar-collapse"
        id="navbarNavAltMarkup"
      >
        <div
          className="navbar-nav"
        >
          <a
            active="active"
            aria-current="page"
            className="nav-link active"
            href="/"
            onClick={[Function]}
          >
            Home
          </a>
          <a
            active="active"
            className="nav-link"
            href="/about"
            onClick={[Function]}
          >
            About
          </a>
          <a
            active="active"
            className="nav-link"
            href="/login"
            onClick={[Function]}
          >
            Login
          </a>
        </div>
      </div>
    </div>
  </nav>,
  <div
    className="container"
  >
    Array [
      <h1>
        HomeScreen
      </h1>,
      <hr />,
      <pre
        className="container"
      >
        {
  "id": 0,
  "name": "Test Name",
  "email": "test@mail.com"
}
      </pre>,
    ]
  </div>,
]
`;
